// Jest Snapshot v1, https://goo.gl/fbAQLP

exports[`<ComponentName /> should render the heading 1`] = `
<main
  class=""
>
  <h1>
    ComponentName
  </h1>
</main>
`;
